================================================================================
🔗 三模态融合 K折交叉验证 (K=5)
================================================================================

📊 加载数据集...
✅ 数据集大小: 423

🔄 进行 5 折交叉验证...


================================================================================
Fold 1/5 | 训练: 338, 验证: 85
================================================================================
Traceback (most recent call last):
  File "/home/zcl/anaconda3/envs/cmx/lib/python3.9/site-packages/pandas/core/indexes/base.py", line 3812, in get_loc
    return self._engine.get_loc(casted_key)
  File "pandas/_libs/index.pyx", line 167, in pandas._libs.index.IndexEngine.get_loc
  File "pandas/_libs/index.pyx", line 196, in pandas._libs.index.IndexEngine.get_loc
  File "pandas/_libs/hashtable_class_helper.pxi", line 7088, in pandas._libs.hashtable.PyObjectHashTable.get_item
  File "pandas/_libs/hashtable_class_helper.pxi", line 7096, in pandas._libs.hashtable.PyObjectHashTable.get_item
KeyError: 'sample_id'

The above exception was the direct cause of the following exception:

Traceback (most recent call last):
  File "/home/zcl/addfuse1/training/train_trimodal_kfold_fixed.py", line 363, in <module>
    main()
  File "/home/zcl/addfuse1/training/train_trimodal_kfold_fixed.py", line 296, in main
    train_loss, train_acc = train_one_epoch(model, train_loader, criterion, optimizer, device)
  File "/home/zcl/addfuse1/training/train_trimodal_kfold_fixed.py", line 167, in train_one_epoch
    for rgb, tir, ms, labels in train_loader:
  File "/home/zcl/anaconda3/envs/cmx/lib/python3.9/site-packages/torch/utils/data/dataloader.py", line 734, in __next__
    data = self._next_data()
  File "/home/zcl/anaconda3/envs/cmx/lib/python3.9/site-packages/torch/utils/data/dataloader.py", line 790, in _next_data
    data = self._dataset_fetcher.fetch(index)  # may raise StopIteration
  File "/home/zcl/anaconda3/envs/cmx/lib/python3.9/site-packages/torch/utils/data/_utils/fetch.py", line 50, in fetch
    data = self.dataset.__getitems__(possibly_batched_index)
  File "/home/zcl/anaconda3/envs/cmx/lib/python3.9/site-packages/torch/utils/data/dataset.py", line 416, in __getitems__
    return [self.dataset[self.indices[idx]] for idx in indices]
  File "/home/zcl/anaconda3/envs/cmx/lib/python3.9/site-packages/torch/utils/data/dataset.py", line 416, in <listcomp>
    return [self.dataset[self.indices[idx]] for idx in indices]
  File "/home/zcl/addfuse1/training/train_trimodal_kfold_fixed.py", line 37, in __getitem__
    sample_id = row['sample_id']
  File "/home/zcl/anaconda3/envs/cmx/lib/python3.9/site-packages/pandas/core/series.py", line 1133, in __getitem__
    return self._get_value(key)
  File "/home/zcl/anaconda3/envs/cmx/lib/python3.9/site-packages/pandas/core/series.py", line 1249, in _get_value
    loc = self.index.get_loc(label)
  File "/home/zcl/anaconda3/envs/cmx/lib/python3.9/site-packages/pandas/core/indexes/base.py", line 3819, in get_loc
    raise KeyError(key) from err
KeyError: 'sample_id'
